// Jest Snapshot v1, https://goo.gl/fbAQLP

exports[`matches snapshot 1`] = `
<div
  className="standings-container"
>
  <div
    className="select-fields"
  >
    <select
      className="soccer"
      defaultValue="eng.1"
      id="select-league"
      name="select-league"
      onChange={[Function]}
    >
      <option
        value="arg.1"
      >
        Argentine Liga Profesional de Fútbol
      </option>
      <option
        value="aus.1"
      >
        Australian A-League
      </option>
      <option
        value="bra.1"
      >
        Brazilian Serie A
      </option>
      <option
        value="chn.1"
      >
        Chinese Super League
      </option>
      <option
        value="ned.1"
      >
        Dutch Eredivisie
      </option>
      <option
        value="eng.1"
      >
        English Premier League
      </option>
      <option
        value="fra.1"
      >
        French Ligue 1
      </option>
      <option
        value="ger.1"
      >
        German Bundesliga
      </option>
      <option
        value="ita.1"
      >
        Italian Serie A
      </option>
      <option
        value="jpn.1"
      >
        Japanese J League
      </option>
      <option
        value="mys1"
      >
        Malaysian Super League
      </option>
      <option
        value="mex.1"
      >
        Mexican Liga BBVA MX
      </option>
      <option
        value="por.1"
      >
        Portuguese Liga
      </option>
      <option
        value="esp.1"
      >
        Spanish Primera División
      </option>
    </select>
    <select
      className="soccer"
      defaultValue="2021"
      id="select-year"
      name="select-year"
      onChange={[Function]}
    >
      <option
        value="2011"
      >
        2011
      </option>
      <option
        value="2012"
      >
        2012
      </option>
      <option
        value="2013"
      >
        2013
      </option>
      <option
        value="2014"
      >
        2014
      </option>
      <option
        value="2015"
      >
        2015
      </option>
      <option
        value="2016"
      >
        2016
      </option>
      <option
        value="2017"
      >
        2017
      </option>
      <option
        value="2018"
      >
        2018
      </option>
      <option
        value="2019"
      >
        2019
      </option>
      <option
        value="2020"
      >
        2020
      </option>
      <option
        value="2021"
      >
        2021
      </option>
    </select>
  </div>
  <div
    className="ranking-div"
  />
</div>
`;
